// Jest Snapshot v1, https://goo.gl/fbAQLP

exports[`renders picker component 1`] = `
Object {
  "asFragment": [Function],
  "baseElement": <body>
    <div>
      <div>
        <div
          class="imgs"
        >
          <img
            class="characterImg"
            src="/head/bird-head.png"
          />
          <img
            class="characterImg"
            src="/middle/pink-middle.png"
          />
          <img
            class="characterImg"
            src="/pants/blue-pants.png"
          />
        </div>
        <div>
          <div
            class="div1"
          >
            <label
              class="head"
            >
              Head
              <select>
                <option
                  value="dog-head"
                >
                  Dog
                </option>
                <option
                  value="bird-head"
                >
                  Bird
                </option>
                <option
                  value="duck-head"
                >
                  Duck
                </option>
                <option
                  value="horse-head"
                >
                  Horse
                </option>
              </select>
            </label>
            <label>
              Shirt
              <select>
                <option
                  value="red-middle"
                >
                  Red Shirt
                </option>
                <option
                  value="pink-middle"
                >
                  Pink Shirt
                </option>
                <option
                  value="blue-middle"
                >
                  Blue Shirt
                </option>
                <option
                  value="dress-middle"
                >
                  Dress
                </option>
              </select>
            </label>
            <label>
              Pants
              <select>
                <option
                  value="leg-pants"
                >
                  Leg
                </option>
                <option
                  value="blue-pants"
                >
                  Blue Pants 
                </option>
                <option
                  value="dog-pants"
                >
                  Dog Pants
                </option>
                <option
                  value="white-pants"
                >
                  White Pants
                </option>
              </select>
            </label>
            <label>
              What\`s your catch phrase?
              <input
                class="catchphrase"
                type="text"
                value=""
              />
              <button>
                Add
              </button>
            </label>
          </div>
        </div>
      </div>
    </div>
  </body>,
  "container": <div>
    <div>
      <div
        class="imgs"
      >
        <img
          class="characterImg"
          src="/head/bird-head.png"
        />
        <img
          class="characterImg"
          src="/middle/pink-middle.png"
        />
        <img
          class="characterImg"
          src="/pants/blue-pants.png"
        />
      </div>
      <div>
        <div
          class="div1"
        >
          <label
            class="head"
          >
            Head
            <select>
              <option
                value="dog-head"
              >
                Dog
              </option>
              <option
                value="bird-head"
              >
                Bird
              </option>
              <option
                value="duck-head"
              >
                Duck
              </option>
              <option
                value="horse-head"
              >
                Horse
              </option>
            </select>
          </label>
          <label>
            Shirt
            <select>
              <option
                value="red-middle"
              >
                Red Shirt
              </option>
              <option
                value="pink-middle"
              >
                Pink Shirt
              </option>
              <option
                value="blue-middle"
              >
                Blue Shirt
              </option>
              <option
                value="dress-middle"
              >
                Dress
              </option>
            </select>
          </label>
          <label>
            Pants
            <select>
              <option
                value="leg-pants"
              >
                Leg
              </option>
              <option
                value="blue-pants"
              >
                Blue Pants 
              </option>
              <option
                value="dog-pants"
              >
                Dog Pants
              </option>
              <option
                value="white-pants"
              >
                White Pants
              </option>
            </select>
          </label>
          <label>
            What\`s your catch phrase?
            <input
              class="catchphrase"
              type="text"
              value=""
            />
            <button>
              Add
            </button>
          </label>
        </div>
      </div>
    </div>
  </div>,
  "debug": [Function],
  "findAllByAltText": [Function],
  "findAllByDisplayValue": [Function],
  "findAllByLabelText": [Function],
  "findAllByPlaceholderText": [Function],
  "findAllByRole": [Function],
  "findAllByTestId": [Function],
  "findAllByText": [Function],
  "findAllByTitle": [Function],
  "findByAltText": [Function],
  "findByDisplayValue": [Function],
  "findByLabelText": [Function],
  "findByPlaceholderText": [Function],
  "findByRole": [Function],
  "findByTestId": [Function],
  "findByText": [Function],
  "findByTitle": [Function],
  "getAllByAltText": [Function],
  "getAllByDisplayValue": [Function],
  "getAllByLabelText": [Function],
  "getAllByPlaceholderText": [Function],
  "getAllByRole": [Function],
  "getAllByTestId": [Function],
  "getAllByText": [Function],
  "getAllByTitle": [Function],
  "getByAltText": [Function],
  "getByDisplayValue": [Function],
  "getByLabelText": [Function],
  "getByPlaceholderText": [Function],
  "getByRole": [Function],
  "getByTestId": [Function],
  "getByText": [Function],
  "getByTitle": [Function],
  "queryAllByAltText": [Function],
  "queryAllByDisplayValue": [Function],
  "queryAllByLabelText": [Function],
  "queryAllByPlaceholderText": [Function],
  "queryAllByRole": [Function],
  "queryAllByTestId": [Function],
  "queryAllByText": [Function],
  "queryAllByTitle": [Function],
  "queryByAltText": [Function],
  "queryByDisplayValue": [Function],
  "queryByLabelText": [Function],
  "queryByPlaceholderText": [Function],
  "queryByRole": [Function],
  "queryByTestId": [Function],
  "queryByText": [Function],
  "queryByTitle": [Function],
  "rerender": [Function],
  "unmount": [Function],
}
`;
